KFG*BQLIBW*CIYTTN*BEFNRIZALIQP*VBS*BWNI*KTATQERQMBRRBESZFTQCQKCHE*BYRQXKLQNCQMPRCYNFHFPKDTHFNAETTSHH*ELF*SQMV KFGPBQLIBWTCIYTTNYBEFNRAZALIQPGVBSLBWNICKTATQERQMB*YBESZFTCCQKCHEBBYRQXKLQNCCMPRCYNFHFPKDTHFNAETTSHHYELFHSQMV
SL**VLTMECYTINESLKDGHBZFEYED*SISDTTRERLRVXVCPVKHTEP*SAPDKQMEIGPKYSFHNDDVFISHDPQYYCBYPPDAWPDWRQFGRNTLMFCW SLSMVLTMECYTINESLKDGHBZFEYEDSSISDTTRERLRV*XCPVKHTEPSSAPDKQMEIGPKYSFH*DDVFISHD*Q*YCBYPQDAWPDWRTFGRNTFMFCW
YWWDFIXBDNNFNLS*KMCTVMDMPBLAHDWDZQWLNCMWXAGGSSVZFZFXHYIWHNQHBDBVABAPSBIYKPDKKNDKQCKX*AZLSDKNGXGGYBXWST *WWDFIXBDNNFNLTCKMCTVMDMPBLAHDWDNQWLNCMWXAGGSSVZFZFXHYIWHNLHBDBVABAPSBIYKP*IKNDKQCKTXAZLSDKNGXGGYBXWST
ARFQB*TQZMBSMTFMTYTBCFVCWDYTRV*EM*YIISLMSWXWPENICCXWPXTYNXLPMCXRHHSCVD*HNKBBZAQZ*MHMPSKSXWKPZVRXVWP*ZRVXNP ARFQBYTQZMBSNTFMT*TBCFGCWDYTRVHEMWYIIVLMSWXWPENIDCXWPXTYNXLPMCXRHHSCVDHHNKBBZAQZAM*MPSKS*WKPZVRXVWPMZRVXVP
DLXBYBLZ*XNP*ALXYPXCMVV*EZIKEYRRVKYLRLTDHVPSGQRYTHMTCLFMAKQDYZFDADRMFDZBALYTQGZKFLTHB*WLBSAKRLXLMEQE*IDPM D*XBYBLZBXNPCALXYPXCMVVCEZIGEYRRVKYLRLTDHVPSGQRYTHMTCLKMAKQD*Z*DADRMFDZBAL*TQGZKFLTHBIWLBSS*RLXLMEQEDIDPM
DEEZFXMZHCENWVEAYXACWYMXSBYHQKDG*XSYYFAYGTRYRCARDXHA*MZYHHASYHPLITLRESHAAELMLWQVA*MIZEXPTRSGNVZTAVZQVBG DEEZFXMZHCENWVE*YXACWYMXSBYHQ*DGXNSYYFAYGTR*RCARATHAYMZYHHASYHPLITLRESHAA*LMLWQVAHMIZKXPTRS*NVZTAVZQVBG
*ZKEMDZISBQSS*ZGXFAKBMAPEWDYHHWDANLKLCLBCKEPHHMXFFNCGIMVCARKM*DIBRCNNRIETTTWEFWNQYFLLYBBIWLHRGPVFXABRPA PZKEM*ZLSBQSSZEGXFAKBMAPEWDYHHW*ANLKL*LBCKEPHHMXFFNCGIMVCARKMADIBR*NBRIETTTWEFWNQYFLLY*BI*LH*G*VFXABRPA
DGKRYLVDBVDTFPGYYGAPHYESXWCMYGBLVDYNKAHPFQZALCMNMKPYXQCRFG*WQLZPKTNRB*STCWGDDBLYW**STHGNF*KEIQKXPQFPZ*XIYA DGKRYLVRBVPTFPG*YGAPHYELHXCMYGBLVDYKKAHPF*ZALCMNM*PYXQ**FGWWQLZPKTNRBSSTCWGDDBLYWSLSTHGNFHKEIQKXPWFPZCXIYA
FKPMLNZZSZ*XQP*KCBXIYZCCFNCQZW*WQQQWRHY*EDBEYST*SPSYXC*LV*IYSKRVNNANTYEQV*LL**QANBEWPBCRXB*XTIVNBYYETECK*WGERQKL FKP*Y*ZZSZXDQPNKCBXIYZCCFNCQZWXWQQQWRHYIEDBEYSTSSPSYXCQLVSIYSKRVNNXNTYEQVALLSAQANBEWPTZRXBLXTIVN*YYDTECKCWGERQKL
KMNYDAKXIMESYYFSFSQPSEWDEIWQABYXYWIRBZMXVWIREPNZECRYTDZ*I*YNNMCHWCG*WGPDZZPNFZILMPQPLQGQMTWLR*QDNSAFKPHW KMNYDAKXIMESYDLSFSQPSEWD*IWQABYXYWIMBZMXGWI*EPNZECRYTDZFIEYNNMCHWCGTWGPDZZPNFZILMPQPLQGQMTWLRIQDNSAFKPHW
